../Core/CustomDrivers/SSD1306/ssd1306.c:8:6:ssd1306_Reset	4	static
../Core/CustomDrivers/SSD1306/ssd1306.c:16:6:ssd1306_WriteCommand	32	static
../Core/CustomDrivers/SSD1306/ssd1306.c:28:6:ssd1306_WriteData	32	static
../Core/CustomDrivers/SSD1306/ssd1306.c:80:17:ssd1306_FillBuffer	24	static
../Core/CustomDrivers/SSD1306/ssd1306.c:90:6:ssd1306_Init	8	static
../Core/CustomDrivers/SSD1306/ssd1306.c:192:6:ssd1306_set_LCD	16	static
../Core/CustomDrivers/SSD1306/ssd1306.c:198:6:ssd1306_Fill	16	static
../Core/CustomDrivers/SSD1306/ssd1306.c:203:6:ssd1306_UpdateScreen	16	static
../Core/CustomDrivers/SSD1306/ssd1306.c:224:6:ssd1306_DrawPixel	16	static
../Core/CustomDrivers/SSD1306/ssd1306.c:244:6:ssd1306_WriteChar	48	static
../Core/CustomDrivers/SSD1306/ssd1306.c:279:6:ssd1306_WriteString	32	static
../Core/CustomDrivers/SSD1306/ssd1306.c:293:6:ssd1306_SetCursor	16	static
../Core/CustomDrivers/SSD1306/ssd1306.c:299:6:ssd1306_Line	48	static
../Core/CustomDrivers/SSD1306/ssd1306.c:326:6:ssd1306_Polyline	40	static
../Core/CustomDrivers/SSD1306/ssd1306.c:340:14:ssd1306_DegToRad	16	static
../Core/CustomDrivers/SSD1306/ssd1306.c:345:17:ssd1306_NormalizeTo0_360	24	static
../Core/CustomDrivers/SSD1306/ssd1306.c:361:6:ssd1306_DrawArc	64	static
../Core/CustomDrivers/SSD1306/ssd1306.c:401:6:ssd1306_DrawArcWithRadiusLine	72	static
../Core/CustomDrivers/SSD1306/ssd1306.c:444:6:ssd1306_DrawCircle	40	static
../Core/CustomDrivers/SSD1306/ssd1306.c:479:6:ssd1306_FillCircle	48	static
../Core/CustomDrivers/SSD1306/ssd1306.c:515:6:ssd1306_DrawRectangle	32	static
../Core/CustomDrivers/SSD1306/ssd1306.c:525:6:ssd1306_FillRectangle	32	static
../Core/CustomDrivers/SSD1306/ssd1306.c:539:17:ssd1306_InvertRectangle	32	static
../Core/CustomDrivers/SSD1306/ssd1306.c:570:6:ssd1306_DrawBitmap	24	static
../Core/CustomDrivers/SSD1306/ssd1306.c:594:6:ssd1306_SetContrast	24	static
../Core/CustomDrivers/SSD1306/ssd1306.c:600:6:ssd1306_SetDisplayOn	24	static
../Core/CustomDrivers/SSD1306/ssd1306.c:612:9:ssd1306_GetDisplayOn	4	static
